MPLINK 5.09, LINKER
Linker Map File - Created Wed Oct  9 12:05:42 2019

                                 Section Info
                  Section       Type    Address   Location Size(Bytes)
                ---------  ---------  ---------  ---------  ---------
                   .org_0       code   0x000000    program   0x00004a
                   .cinit    romdata   0x00004a    program   0x000002



                              Program Memory Usage 
                               Start         End      
                           ---------   ---------      
                            0x000000    0x00004b      
            76 out of 33048 program addresses used, program memory utilization is 0%



                              Symbols - Sorted by Name
                     Name    Address   Location    Storage File                     
                ---------  ---------  ---------  --------- ---------                
                      ASK   0x000042    program     static /Users/mauriciodinki/Documents/Escuela/Dispisitivos Programables/Practicas/Practica 7 (Motor)/Motor_Cambia_Sentido.X/motor_cambia_sentido.asm
                    DELAY   0x00003e    program     static /Users/mauriciodinki/Documents/Escuela/Dispisitivos Programables/Practicas/Practica 7 (Motor)/Motor_Cambia_Sentido.X/motor_cambia_sentido.asm
                   INICIO   0x000000    program     static /Users/mauriciodinki/Documents/Escuela/Dispisitivos Programables/Practicas/Practica 7 (Motor)/Motor_Cambia_Sentido.X/motor_cambia_sentido.asm
                     MAIN   0x000018    program     static /Users/mauriciodinki/Documents/Escuela/Dispisitivos Programables/Practicas/Practica 7 (Motor)/Motor_Cambia_Sentido.X/motor_cambia_sentido.asm
                      OFF   0x000030    program     static /Users/mauriciodinki/Documents/Escuela/Dispisitivos Programables/Practicas/Practica 7 (Motor)/Motor_Cambia_Sentido.X/motor_cambia_sentido.asm
                       ON   0x000022    program     static /Users/mauriciodinki/Documents/Escuela/Dispisitivos Programables/Practicas/Practica 7 (Motor)/Motor_Cambia_Sentido.X/motor_cambia_sentido.asm



                              Symbols - Sorted by Address
                     Name    Address   Location    Storage File                     
                ---------  ---------  ---------  --------- ---------                
                   INICIO   0x000000    program     static /Users/mauriciodinki/Documents/Escuela/Dispisitivos Programables/Practicas/Practica 7 (Motor)/Motor_Cambia_Sentido.X/motor_cambia_sentido.asm
                     MAIN   0x000018    program     static /Users/mauriciodinki/Documents/Escuela/Dispisitivos Programables/Practicas/Practica 7 (Motor)/Motor_Cambia_Sentido.X/motor_cambia_sentido.asm
                       ON   0x000022    program     static /Users/mauriciodinki/Documents/Escuela/Dispisitivos Programables/Practicas/Practica 7 (Motor)/Motor_Cambia_Sentido.X/motor_cambia_sentido.asm
                      OFF   0x000030    program     static /Users/mauriciodinki/Documents/Escuela/Dispisitivos Programables/Practicas/Practica 7 (Motor)/Motor_Cambia_Sentido.X/motor_cambia_sentido.asm
                    DELAY   0x00003e    program     static /Users/mauriciodinki/Documents/Escuela/Dispisitivos Programables/Practicas/Practica 7 (Motor)/Motor_Cambia_Sentido.X/motor_cambia_sentido.asm
                      ASK   0x000042    program     static /Users/mauriciodinki/Documents/Escuela/Dispisitivos Programables/Practicas/Practica 7 (Motor)/Motor_Cambia_Sentido.X/motor_cambia_sentido.asm


