MPLINK 5.09, LINKER
Linker Map File - Created Tue Sep 10 16:50:30 2019

                                 Section Info
                  Section       Type    Address   Location Size(Bytes)
                ---------  ---------  ---------  ---------  ---------
                   .org_0       code   0x000000    program   0x000054
                   .cinit    romdata   0x000054    program   0x000002
.config_300001_BUILD/DEFAULT/PRODUCTION/LEDS_PA    romdata   0x300001    program   0x000001
.config_300002_BUILD/DEFAULT/PRODUCTION/LEDS_PA    romdata   0x300002    program   0x000001
.config_300003_BUILD/DEFAULT/PRODUCTION/LEDS_PA    romdata   0x300003    program   0x000001
.config_300005_BUILD/DEFAULT/PRODUCTION/LEDS_PA    romdata   0x300005    program   0x000001
.config_300006_BUILD/DEFAULT/PRODUCTION/LEDS_PA    romdata   0x300006    program   0x000001
.config_300008_BUILD/DEFAULT/PRODUCTION/LEDS_PA    romdata   0x300008    program   0x000001
.config_300009_BUILD/DEFAULT/PRODUCTION/LEDS_PA    romdata   0x300009    program   0x000001
.config_30000A_BUILD/DEFAULT/PRODUCTION/LEDS_PA    romdata   0x30000a    program   0x000001
.config_30000B_BUILD/DEFAULT/PRODUCTION/LEDS_PA    romdata   0x30000b    program   0x000001
.config_30000C_BUILD/DEFAULT/PRODUCTION/LEDS_PA    romdata   0x30000c    program   0x000001
.config_30000D_BUILD/DEFAULT/PRODUCTION/LEDS_PA    romdata   0x30000d    program   0x000001



                              Program Memory Usage 
                               Start         End      
                           ---------   ---------      
                            0x000000    0x000055      
                            0x300001    0x300003      
                            0x300005    0x300006      
                            0x300008    0x30000d      
            97 out of 33048 program addresses used, program memory utilization is 0%



                              Symbols - Sorted by Name
                     Name    Address   Location    Storage File                     
                ---------  ---------  ---------  --------- ---------                
                   CHECK0   0x000010    program     static /Users/mauriciodinki/Documents/Escuela/Dispisitivos Programables/Practicas/Practica 3 (Operaciones de 1 Bit)/Leds_Pares_Impares.X/leds_pares_impares.asm
                   CHECK1   0x000032    program     static /Users/mauriciodinki/Documents/Escuela/Dispisitivos Programables/Practicas/Practica 3 (Operaciones de 1 Bit)/Leds_Pares_Impares.X/leds_pares_impares.asm
                   INICIO   0x000000    program     static /Users/mauriciodinki/Documents/Escuela/Dispisitivos Programables/Practicas/Practica 3 (Operaciones de 1 Bit)/Leds_Pares_Impares.X/leds_pares_impares.asm
                     OFF0   0x000026    program     static /Users/mauriciodinki/Documents/Escuela/Dispisitivos Programables/Practicas/Practica 3 (Operaciones de 1 Bit)/Leds_Pares_Impares.X/leds_pares_impares.asm
                     OFF1   0x000048    program     static /Users/mauriciodinki/Documents/Escuela/Dispisitivos Programables/Practicas/Practica 3 (Operaciones de 1 Bit)/Leds_Pares_Impares.X/leds_pares_impares.asm
                      ON0   0x00001a    program     static /Users/mauriciodinki/Documents/Escuela/Dispisitivos Programables/Practicas/Practica 3 (Operaciones de 1 Bit)/Leds_Pares_Impares.X/leds_pares_impares.asm
                      ON1   0x00003c    program     static /Users/mauriciodinki/Documents/Escuela/Dispisitivos Programables/Practicas/Practica 3 (Operaciones de 1 Bit)/Leds_Pares_Impares.X/leds_pares_impares.asm



                              Symbols - Sorted by Address
                     Name    Address   Location    Storage File                     
                ---------  ---------  ---------  --------- ---------                
                   INICIO   0x000000    program     static /Users/mauriciodinki/Documents/Escuela/Dispisitivos Programables/Practicas/Practica 3 (Operaciones de 1 Bit)/Leds_Pares_Impares.X/leds_pares_impares.asm
                   CHECK0   0x000010    program     static /Users/mauriciodinki/Documents/Escuela/Dispisitivos Programables/Practicas/Practica 3 (Operaciones de 1 Bit)/Leds_Pares_Impares.X/leds_pares_impares.asm
                      ON0   0x00001a    program     static /Users/mauriciodinki/Documents/Escuela/Dispisitivos Programables/Practicas/Practica 3 (Operaciones de 1 Bit)/Leds_Pares_Impares.X/leds_pares_impares.asm
                     OFF0   0x000026    program     static /Users/mauriciodinki/Documents/Escuela/Dispisitivos Programables/Practicas/Practica 3 (Operaciones de 1 Bit)/Leds_Pares_Impares.X/leds_pares_impares.asm
                   CHECK1   0x000032    program     static /Users/mauriciodinki/Documents/Escuela/Dispisitivos Programables/Practicas/Practica 3 (Operaciones de 1 Bit)/Leds_Pares_Impares.X/leds_pares_impares.asm
                      ON1   0x00003c    program     static /Users/mauriciodinki/Documents/Escuela/Dispisitivos Programables/Practicas/Practica 3 (Operaciones de 1 Bit)/Leds_Pares_Impares.X/leds_pares_impares.asm
                     OFF1   0x000048    program     static /Users/mauriciodinki/Documents/Escuela/Dispisitivos Programables/Practicas/Practica 3 (Operaciones de 1 Bit)/Leds_Pares_Impares.X/leds_pares_impares.asm


