MPLINK 5.09, LINKER
Linker Map File - Created Tue Sep 17 17:51:02 2019

                                 Section Info
                  Section       Type    Address   Location Size(Bytes)
                ---------  ---------  ---------  ---------  ---------
                   .org_0       code   0x000000    program   0x00007a
                   .cinit    romdata   0x00007a    program   0x000002
.config_300001_BUILD/DEFAULT/DEBUG/MULTIPLEXOR_    romdata   0x300001    program   0x000001
.config_300002_BUILD/DEFAULT/DEBUG/MULTIPLEXOR_    romdata   0x300002    program   0x000001
.config_300003_BUILD/DEFAULT/DEBUG/MULTIPLEXOR_    romdata   0x300003    program   0x000001
.config_300005_BUILD/DEFAULT/DEBUG/MULTIPLEXOR_    romdata   0x300005    program   0x000001
.config_300006_BUILD/DEFAULT/DEBUG/MULTIPLEXOR_    romdata   0x300006    program   0x000001
.config_300008_BUILD/DEFAULT/DEBUG/MULTIPLEXOR_    romdata   0x300008    program   0x000001
.config_300009_BUILD/DEFAULT/DEBUG/MULTIPLEXOR_    romdata   0x300009    program   0x000001
.config_30000A_BUILD/DEFAULT/DEBUG/MULTIPLEXOR_    romdata   0x30000a    program   0x000001
.config_30000B_BUILD/DEFAULT/DEBUG/MULTIPLEXOR_    romdata   0x30000b    program   0x000001
.config_30000C_BUILD/DEFAULT/DEBUG/MULTIPLEXOR_    romdata   0x30000c    program   0x000001
.config_30000D_BUILD/DEFAULT/DEBUG/MULTIPLEXOR_    romdata   0x30000d    program   0x000001



                              Program Memory Usage 
                               Start         End      
                           ---------   ---------      
                            0x000000    0x00007b      
                            0x300001    0x300003      
                            0x300005    0x300006      
                            0x300008    0x30000d      
            135 out of 33048 program addresses used, program memory utilization is 0%



                              Symbols - Sorted by Name
                     Name    Address   Location    Storage File                     
                ---------  ---------  ---------  --------- ---------                
                   INICIO   0x000000    program     static /Users/mauriciodinki/Documents/Escuela/Dispisitivos Programables/Practicas/Practica 4 (Decodificadores)/Multiplexor_Decodificado.X/multiplexor_decodificado.asm
                     MAIN   0x000010    program     static /Users/mauriciodinki/Documents/Escuela/Dispisitivos Programables/Practicas/Practica 4 (Decodificadores)/Multiplexor_Decodificado.X/multiplexor_decodificado.asm
                     NADA   0x00004e    program     static /Users/mauriciodinki/Documents/Escuela/Dispisitivos Programables/Practicas/Practica 4 (Decodificadores)/Multiplexor_Decodificado.X/multiplexor_decodificado.asm
                 NEGATIVO   0x000054    program     static /Users/mauriciodinki/Documents/Escuela/Dispisitivos Programables/Practicas/Practica 4 (Decodificadores)/Multiplexor_Decodificado.X/multiplexor_decodificado.asm
                     OFF1   0x00002c    program     static /Users/mauriciodinki/Documents/Escuela/Dispisitivos Programables/Practicas/Practica 4 (Decodificadores)/Multiplexor_Decodificado.X/multiplexor_decodificado.asm
                    RESTA   0x000044    program     static /Users/mauriciodinki/Documents/Escuela/Dispisitivos Programables/Practicas/Practica 4 (Decodificadores)/Multiplexor_Decodificado.X/multiplexor_decodificado.asm
                     SUMA   0x000036    program     static /Users/mauriciodinki/Documents/Escuela/Dispisitivos Programables/Practicas/Practica 4 (Decodificadores)/Multiplexor_Decodificado.X/multiplexor_decodificado.asm
                    TABLA   0x00005a    program     static /Users/mauriciodinki/Documents/Escuela/Dispisitivos Programables/Practicas/Practica 4 (Decodificadores)/Multiplexor_Decodificado.X/multiplexor_decodificado.asm



                              Symbols - Sorted by Address
                     Name    Address   Location    Storage File                     
                ---------  ---------  ---------  --------- ---------                
                   INICIO   0x000000    program     static /Users/mauriciodinki/Documents/Escuela/Dispisitivos Programables/Practicas/Practica 4 (Decodificadores)/Multiplexor_Decodificado.X/multiplexor_decodificado.asm
                     MAIN   0x000010    program     static /Users/mauriciodinki/Documents/Escuela/Dispisitivos Programables/Practicas/Practica 4 (Decodificadores)/Multiplexor_Decodificado.X/multiplexor_decodificado.asm
                     OFF1   0x00002c    program     static /Users/mauriciodinki/Documents/Escuela/Dispisitivos Programables/Practicas/Practica 4 (Decodificadores)/Multiplexor_Decodificado.X/multiplexor_decodificado.asm
                     SUMA   0x000036    program     static /Users/mauriciodinki/Documents/Escuela/Dispisitivos Programables/Practicas/Practica 4 (Decodificadores)/Multiplexor_Decodificado.X/multiplexor_decodificado.asm
                    RESTA   0x000044    program     static /Users/mauriciodinki/Documents/Escuela/Dispisitivos Programables/Practicas/Practica 4 (Decodificadores)/Multiplexor_Decodificado.X/multiplexor_decodificado.asm
                     NADA   0x00004e    program     static /Users/mauriciodinki/Documents/Escuela/Dispisitivos Programables/Practicas/Practica 4 (Decodificadores)/Multiplexor_Decodificado.X/multiplexor_decodificado.asm
                 NEGATIVO   0x000054    program     static /Users/mauriciodinki/Documents/Escuela/Dispisitivos Programables/Practicas/Practica 4 (Decodificadores)/Multiplexor_Decodificado.X/multiplexor_decodificado.asm
                    TABLA   0x00005a    program     static /Users/mauriciodinki/Documents/Escuela/Dispisitivos Programables/Practicas/Practica 4 (Decodificadores)/Multiplexor_Decodificado.X/multiplexor_decodificado.asm


