MPLINK 5.09, LINKER
Linker Map File - Created Wed Oct  2 12:07:19 2019

                                 Section Info
                  Section       Type    Address   Location Size(Bytes)
                ---------  ---------  ---------  ---------  ---------
                   .org_0       code   0x000000    program   0x0000ac
                   .cinit    romdata   0x0000ac    program   0x000002
.config_300001_BUILD/DEFAULT/PRODUCTION/CONTADO    romdata   0x300001    program   0x000001
.config_300002_BUILD/DEFAULT/PRODUCTION/CONTADO    romdata   0x300002    program   0x000001
.config_300003_BUILD/DEFAULT/PRODUCTION/CONTADO    romdata   0x300003    program   0x000001
.config_300005_BUILD/DEFAULT/PRODUCTION/CONTADO    romdata   0x300005    program   0x000001
.config_300006_BUILD/DEFAULT/PRODUCTION/CONTADO    romdata   0x300006    program   0x000001
.config_300008_BUILD/DEFAULT/PRODUCTION/CONTADO    romdata   0x300008    program   0x000001
.config_300009_BUILD/DEFAULT/PRODUCTION/CONTADO    romdata   0x300009    program   0x000001
.config_30000A_BUILD/DEFAULT/PRODUCTION/CONTADO    romdata   0x30000a    program   0x000001
.config_30000B_BUILD/DEFAULT/PRODUCTION/CONTADO    romdata   0x30000b    program   0x000001
.config_30000C_BUILD/DEFAULT/PRODUCTION/CONTADO    romdata   0x30000c    program   0x000001
.config_30000D_BUILD/DEFAULT/PRODUCTION/CONTADO    romdata   0x30000d    program   0x000001



                              Program Memory Usage 
                               Start         End      
                           ---------   ---------      
                            0x000000    0x0000ad      
                            0x300001    0x300003      
                            0x300005    0x300006      
                            0x300008    0x30000d      
            185 out of 33048 program addresses used, program memory utilization is 0%



                              Symbols - Sorted by Name
                     Name    Address   Location    Storage File                     
                ---------  ---------  ---------  --------- ---------                
                      ASK   0x000098    program     static /Users/mauriciodinki/Documents/Escuela/Dispisitivos Programables/Practicas/Practica 6 (Botones)/Contador_Botones.X/contador_botones.asm
              BOTON_0_OFF   0x000026    program     static /Users/mauriciodinki/Documents/Escuela/Dispisitivos Programables/Practicas/Practica 6 (Botones)/Contador_Botones.X/contador_botones.asm
               BOTON_0_ON   0x000038    program     static /Users/mauriciodinki/Documents/Escuela/Dispisitivos Programables/Practicas/Practica 6 (Botones)/Contador_Botones.X/contador_botones.asm
               BOTON_1_ON   0x000042    program     static /Users/mauriciodinki/Documents/Escuela/Dispisitivos Programables/Practicas/Practica 6 (Botones)/Contador_Botones.X/contador_botones.asm
                    DELAY   0x000092    program     static /Users/mauriciodinki/Documents/Escuela/Dispisitivos Programables/Practicas/Practica 6 (Botones)/Contador_Botones.X/contador_botones.asm
                   INICIO   0x000000    program     static /Users/mauriciodinki/Documents/Escuela/Dispisitivos Programables/Practicas/Practica 6 (Botones)/Contador_Botones.X/contador_botones.asm
                     MAIN   0x00001c    program     static /Users/mauriciodinki/Documents/Escuela/Dispisitivos Programables/Practicas/Practica 6 (Botones)/Contador_Botones.X/contador_botones.asm
                MAX_LIMIT   0x000054    program     static /Users/mauriciodinki/Documents/Escuela/Dispisitivos Programables/Practicas/Practica 6 (Botones)/Contador_Botones.X/contador_botones.asm
                MIN_LIMIT   0x000072    program     static /Users/mauriciodinki/Documents/Escuela/Dispisitivos Programables/Practicas/Practica 6 (Botones)/Contador_Botones.X/contador_botones.asm
             NO_MAX_LIMIT   0x000060    program     static /Users/mauriciodinki/Documents/Escuela/Dispisitivos Programables/Practicas/Practica 6 (Botones)/Contador_Botones.X/contador_botones.asm
             NO_MIN_LIMIT   0x00007e    program     static /Users/mauriciodinki/Documents/Escuela/Dispisitivos Programables/Practicas/Practica 6 (Botones)/Contador_Botones.X/contador_botones.asm
                    TABLA   0x00009e    program     static /Users/mauriciodinki/Documents/Escuela/Dispisitivos Programables/Practicas/Practica 6 (Botones)/Contador_Botones.X/contador_botones.asm



                              Symbols - Sorted by Address
                     Name    Address   Location    Storage File                     
                ---------  ---------  ---------  --------- ---------                
                   INICIO   0x000000    program     static /Users/mauriciodinki/Documents/Escuela/Dispisitivos Programables/Practicas/Practica 6 (Botones)/Contador_Botones.X/contador_botones.asm
                     MAIN   0x00001c    program     static /Users/mauriciodinki/Documents/Escuela/Dispisitivos Programables/Practicas/Practica 6 (Botones)/Contador_Botones.X/contador_botones.asm
              BOTON_0_OFF   0x000026    program     static /Users/mauriciodinki/Documents/Escuela/Dispisitivos Programables/Practicas/Practica 6 (Botones)/Contador_Botones.X/contador_botones.asm
               BOTON_0_ON   0x000038    program     static /Users/mauriciodinki/Documents/Escuela/Dispisitivos Programables/Practicas/Practica 6 (Botones)/Contador_Botones.X/contador_botones.asm
               BOTON_1_ON   0x000042    program     static /Users/mauriciodinki/Documents/Escuela/Dispisitivos Programables/Practicas/Practica 6 (Botones)/Contador_Botones.X/contador_botones.asm
                MAX_LIMIT   0x000054    program     static /Users/mauriciodinki/Documents/Escuela/Dispisitivos Programables/Practicas/Practica 6 (Botones)/Contador_Botones.X/contador_botones.asm
             NO_MAX_LIMIT   0x000060    program     static /Users/mauriciodinki/Documents/Escuela/Dispisitivos Programables/Practicas/Practica 6 (Botones)/Contador_Botones.X/contador_botones.asm
                MIN_LIMIT   0x000072    program     static /Users/mauriciodinki/Documents/Escuela/Dispisitivos Programables/Practicas/Practica 6 (Botones)/Contador_Botones.X/contador_botones.asm
             NO_MIN_LIMIT   0x00007e    program     static /Users/mauriciodinki/Documents/Escuela/Dispisitivos Programables/Practicas/Practica 6 (Botones)/Contador_Botones.X/contador_botones.asm
                    DELAY   0x000092    program     static /Users/mauriciodinki/Documents/Escuela/Dispisitivos Programables/Practicas/Practica 6 (Botones)/Contador_Botones.X/contador_botones.asm
                      ASK   0x000098    program     static /Users/mauriciodinki/Documents/Escuela/Dispisitivos Programables/Practicas/Practica 6 (Botones)/Contador_Botones.X/contador_botones.asm
                    TABLA   0x00009e    program     static /Users/mauriciodinki/Documents/Escuela/Dispisitivos Programables/Practicas/Practica 6 (Botones)/Contador_Botones.X/contador_botones.asm


