MPLINK 5.09, LINKER
Linker Map File - Created Tue Oct  1 18:34:35 2019

                                 Section Info
                  Section       Type    Address   Location Size(Bytes)
                ---------  ---------  ---------  ---------  ---------
                   .org_0       code   0x000000    program   0x000054
                   .cinit    romdata   0x000054    program   0x000002



                              Program Memory Usage 
                               Start         End      
                           ---------   ---------      
                            0x000000    0x000055      
            86 out of 33048 program addresses used, program memory utilization is 0%



                              Symbols - Sorted by Name
                     Name    Address   Location    Storage File                     
                ---------  ---------  ---------  --------- ---------                
                      ASK   0x00004e    program     static /Users/mauriciodinki/Documents/Escuela/Dispisitivos Programables/Practicas/Practica 6 (Botones)/Led_2_Botones.X/led_2_botones.asm
              BOTON_0_OFF   0x00001e    program     static /Users/mauriciodinki/Documents/Escuela/Dispisitivos Programables/Practicas/Practica 6 (Botones)/Led_2_Botones.X/led_2_botones.asm
               BOTON_0_ON   0x00002e    program     static /Users/mauriciodinki/Documents/Escuela/Dispisitivos Programables/Practicas/Practica 6 (Botones)/Led_2_Botones.X/led_2_botones.asm
               BOTON_1_ON   0x000038    program     static /Users/mauriciodinki/Documents/Escuela/Dispisitivos Programables/Practicas/Practica 6 (Botones)/Led_2_Botones.X/led_2_botones.asm
                    DELAY   0x000048    program     static /Users/mauriciodinki/Documents/Escuela/Dispisitivos Programables/Practicas/Practica 6 (Botones)/Led_2_Botones.X/led_2_botones.asm
                   INICIO   0x000000    program     static /Users/mauriciodinki/Documents/Escuela/Dispisitivos Programables/Practicas/Practica 6 (Botones)/Led_2_Botones.X/led_2_botones.asm
                     MAIN   0x000014    program     static /Users/mauriciodinki/Documents/Escuela/Dispisitivos Programables/Practicas/Practica 6 (Botones)/Led_2_Botones.X/led_2_botones.asm



                              Symbols - Sorted by Address
                     Name    Address   Location    Storage File                     
                ---------  ---------  ---------  --------- ---------                
                   INICIO   0x000000    program     static /Users/mauriciodinki/Documents/Escuela/Dispisitivos Programables/Practicas/Practica 6 (Botones)/Led_2_Botones.X/led_2_botones.asm
                     MAIN   0x000014    program     static /Users/mauriciodinki/Documents/Escuela/Dispisitivos Programables/Practicas/Practica 6 (Botones)/Led_2_Botones.X/led_2_botones.asm
              BOTON_0_OFF   0x00001e    program     static /Users/mauriciodinki/Documents/Escuela/Dispisitivos Programables/Practicas/Practica 6 (Botones)/Led_2_Botones.X/led_2_botones.asm
               BOTON_0_ON   0x00002e    program     static /Users/mauriciodinki/Documents/Escuela/Dispisitivos Programables/Practicas/Practica 6 (Botones)/Led_2_Botones.X/led_2_botones.asm
               BOTON_1_ON   0x000038    program     static /Users/mauriciodinki/Documents/Escuela/Dispisitivos Programables/Practicas/Practica 6 (Botones)/Led_2_Botones.X/led_2_botones.asm
                    DELAY   0x000048    program     static /Users/mauriciodinki/Documents/Escuela/Dispisitivos Programables/Practicas/Practica 6 (Botones)/Led_2_Botones.X/led_2_botones.asm
                      ASK   0x00004e    program     static /Users/mauriciodinki/Documents/Escuela/Dispisitivos Programables/Practicas/Practica 6 (Botones)/Led_2_Botones.X/led_2_botones.asm


